// Jest Snapshot v1, https://goo.gl/fbAQLP

exports[`CustomCheckbox renders checked checkbox 1`] = `
<View
  accessibilityState={
    {
      "busy": undefined,
      "checked": undefined,
      "disabled": undefined,
      "expanded": undefined,
      "selected": undefined,
    }
  }
  accessibilityValue={
    {
      "max": undefined,
      "min": undefined,
      "now": undefined,
      "text": undefined,
    }
  }
  accessible={true}
  collapsable={false}
  focusable={true}
  onClick={[Function]}
  onResponderGrant={[Function]}
  onResponderMove={[Function]}
  onResponderRelease={[Function]}
  onResponderTerminate={[Function]}
  onResponderTerminationRequest={[Function]}
  onStartShouldSetResponder={[Function]}
  style={
    {
      "alignItems": "center",
      "flexDirection": "row",
      "opacity": 1,
    }
  }
>
  <View
    style={
      [
        {
          "alignItems": "center",
          "borderColor": "#007AFF",
          "borderWidth": 1,
          "height": 24,
          "justifyContent": "center",
          "marginRight": 8,
          "width": 24,
        },
        {
          "backgroundColor": "#007AFF",
        },
      ]
    }
  >
    <Text
      style={
        {
          "color": "#fff",
          "fontSize": 16,
        }
      }
    >
      âœ“
    </Text>
  </View>
</View>
`;

exports[`CustomCheckbox renders unchecked checkbox 1`] = `
<View
  accessibilityState={
    {
      "busy": undefined,
      "checked": undefined,
      "disabled": undefined,
      "expanded": undefined,
      "selected": undefined,
    }
  }
  accessibilityValue={
    {
      "max": undefined,
      "min": undefined,
      "now": undefined,
      "text": undefined,
    }
  }
  accessible={true}
  collapsable={false}
  focusable={true}
  onClick={[Function]}
  onResponderGrant={[Function]}
  onResponderMove={[Function]}
  onResponderRelease={[Function]}
  onResponderTerminate={[Function]}
  onResponderTerminationRequest={[Function]}
  onStartShouldSetResponder={[Function]}
  style={
    {
      "alignItems": "center",
      "flexDirection": "row",
      "opacity": 1,
    }
  }
>
  <View
    style={
      [
        {
          "alignItems": "center",
          "borderColor": "#007AFF",
          "borderWidth": 1,
          "height": 24,
          "justifyContent": "center",
          "marginRight": 8,
          "width": 24,
        },
        false,
      ]
    }
  />
</View>
`;
